#-----------------------------------------------------------
# Webtalk v2020.2 (64-bit)
# SW Build 3064766 on Wed Nov 18 09:12:45 MST 2020
# IP Build 3064653 on Wed Nov 18 14:17:31 MST 2020
# Start of session at: Sun Aug  7 09:44:54 2022
# Process ID: 8728
# Current directory: C:/GY/Works/ZYNQ/SummerSchool2022/pynq_cordic/project/cordic_hls_prj/solution1/sim/verilog
# Command line: wbtcv.exe -mode batch -source C:/GY/Works/ZYNQ/SummerSchool2022/pynq_cordic/project/cordic_hls_prj/solution1/sim/verilog/xsim.dir/cordiccart2pol/webtalk/xsim_webtalk.tcl -notrace
# Log file: C:/GY/Works/ZYNQ/SummerSchool2022/pynq_cordic/project/cordic_hls_prj/solution1/sim/verilog/webtalk.log
# Journal file: C:/GY/Works/ZYNQ/SummerSchool2022/pynq_cordic/project/cordic_hls_prj/solution1/sim/verilog\webtalk.jou
#-----------------------------------------------------------
source C:/GY/Works/ZYNQ/SummerSchool2022/pynq_cordic/project/cordic_hls_prj/solution1/sim/verilog/xsim.dir/cordiccart2pol/webtalk/xsim_webtalk.tcl -notrace
